2026-08-09 17:05:54,119 | INFO | Dataset loaded with shape of (1025, 14)
2026-08-09 17:11:13,605 | INFO | Dataset loaded with shape of (1025, 14)
2026-08-09 17:11:13,610 | INFO | dataset splited with shapes of 
 train: (869, 13), (869,) 
 test (156, 13), (156,) 
2026-08-09 17:25:26,860 | INFO | Dataset loaded with shape of (1025, 14)
2026-08-09 17:25:26,867 | INFO | dataset splited with shapes of 
 train: (869, 13), (869,) 
 test (156, 13), (156,) 
2026-08-09 17:25:27,260 | INFO | Model Training is DONE
2026-08-09 17:27:50,542 | INFO | Dataset loaded with shape of (1025, 14)
2026-08-09 17:27:50,548 | INFO | dataset splited with shapes of 
 train: (869, 13), (869,) 
 test (156, 13), (156,) 
2026-08-09 17:27:50,914 | INFO | Model Training is DONE
2026-08-09 17:27:51,010 | INFO | Model Saved to /Users/pouniq/HeartDiseasePrediction/model_dir/HeartDiseasePrediction.joblib
2026-08-09 17:27:51,010 | INFO | Model Training Completed
2026-08-09 17:47:36,417 | INFO | Dataset loaded with shape of (1025, 14)
2026-08-09 17:47:36,423 | INFO | dataset splited with shapes of 
 train: (869, 13), (869,) 
 test (156, 13), (156,) 
2026-08-09 17:47:36,788 | INFO | Model Training is DONE
2026-08-09 17:47:36,883 | INFO | Model Saved to /Users/pouniq/HeartDiseasePrediction/model_dir/HeartDiseasePrediction.joblib
2026-08-09 17:47:36,883 | INFO | Model Training Completed
2026-08-09 17:47:50,193 | INFO | Model Loaded successfully.
2026-08-09 17:53:41,434 | INFO | Model Loaded successfully.
2026-08-09 17:53:49,503 | INFO | Model Loaded successfully.
2026-08-09 18:06:05,908 | INFO | Model Loaded successfully.
2026-08-09 18:09:32,717 | INFO | Model Loaded successfully.
2026-08-09 18:19:03,553 | INFO | Model Loaded successfully.
2026-08-09 18:19:06,719 | INFO | model predicted: 1 and w/ probability of 0.6760733499724676
2026-08-09 19:39:01,067 | INFO | Model Loaded successfully.
2026-08-09 19:58:05,011 | INFO | model predicted: 1 and w/ probability of 0.6758859609199935
2026-08-09 19:58:55,075 | INFO | model predicted: 1 and w/ probability of 0.6758859609199934
2026-08-09 19:59:09,813 | INFO | model predicted: 1 and w/ probability of 0.6758859609199936
2026-08-09 19:59:19,528 | INFO | model predicted: 1 and w/ probability of 0.679378687114078
2026-08-09 19:59:29,315 | INFO | model predicted: 1 and w/ probability of 0.6579577918807588
2026-08-09 19:59:35,432 | INFO | model predicted: 1 and w/ probability of 0.679179493536298
2026-08-09 19:59:41,077 | INFO | model predicted: 1 and w/ probability of 0.6599300249339722
2026-08-09 19:59:52,921 | INFO | model predicted: 0 and w/ probability of 0.2547284450396698
